     1 00000000                                 [FORMAT "WCOFF"]
     2 00000000                                 [INSTRSET "i486p"]
     3 00000000                                 [BITS 32]
     4 00000000                                 [FILE "a_nask.nas"]
     5 00000000                                 
     6 00000000                                 		GLOBAL	_api_putchar
     7 00000000                                 		GLOBAL	_api_end
     8 00000000                                 
     9                                          [SECTION .text]
    10 00000000                                 
    11 00000000                                 _api_putchar:	; void api_putchar(int c);
    12 00000000 BA 00000001                     		MOV		EDX,1
    13 00000005 8A 44 24 04                     		MOV		AL,[ESP+4]		; c
    14 00000009 CD 40                           		INT		0x40
    15 0000000B C3                              		RET
    16 0000000C                                 
    17 0000000C                                 _api_end:	; void api_end(void);
    18 0000000C BA 00000004                     		MOV		EDX,4
    19 00000011 CD 40                           		INT		0x40
